>>> matrix_divided([[3]], 3)
[[1.0]]

>>> matrix_divided([[3, 9], [12, 15]], -3)
[[-1.0, -3.0], [-4.0, -5.0]]

>>> matrix_divided([[3, 9], [12, 15]], 0)
Traceback (most recent call last):
    ...
ZeroDivisionError: division by zero

>>> matrix_divided([[3, 9], [12, 15, 3]], 3)
Traceback (most recent call last):
    ...
TypeError: Each row of the matrix must have the same size

>>> matrix_divided([[3, "9"], [15, 3]], 3)
Traceback (most recent call last):
    ...
TypeError: matrix must be a matrix (list of lists) of integers/floats

>>> matrix_divided([[3, 6], [9, 12]], "3")
Traceback (most recent call last):
    ...
TypeError: div must be a number

>>> matrix_divided("not a list", 2)
Traceback (most recent call last):
    ...
TypeError: matrix must be a matrix (list of lists) of integers/floats

>>> matrix_divided([[1, 2], [3, 4]], float("inf"))
[[0.0, 0.0], [0.0, 0.0]]

>>> matrix_divided([[1, float("inf")]], 1)
[[1.0, inf]]

>>> matrix_divided([[1, float("nan")]], 1)
[[1.0, nan]]

>>> matrix_divided()
Traceback (most recent call last):
    ...
TypeError: matrix_divided() missing 2 required positional arguments: 'matrix' and 'div'

>>> matrix_divided([[1, 2]])
Traceback (most recent call last):
    ...
TypeError: matrix_divided() missing 1 required positional argument: 'div'

